// Jest Snapshot v1, https://goo.gl/fbAQLP

exports[`should render Input 1`] = `
<DocumentFragment>
  <div>
    <input
      class="input"
      name="mock"
      type="text"
      value="42"
    />
  </div>
</DocumentFragment>
`;
